topic:number-patterns
difficulty:easy
language:Marathi
rawLength:2481

{
 "questions":[
  {
   "question":"पुढील संख्या कोणती: 2, 6, 12, 20, ?",
   "options":["26", "30", "28", "32"],
   "answerIndex":1,
   "explanation":"फरक 4, 6, 8 आहे। पुढील फरक 10 आहे, म्हणून पुढील संख्या 20 + 10 = 30 आहे."
  },
  {
   "question":"पुढील संख्या कोणती: 5, 10, 15, 20, ?",
   "options":["25", "30", "35", "40"],
   "answerIndex":3,
   "explanation":"फरक 5, 5, 5 आहे। पुढील संख्या 20 + 5 = 25 आहे, पण पुढील फरक 10 आहे, म्हणून पुढील संख्या 20 + 10 = 30 नाही, पुढील संख्या 20 + 5 + 5 = 30 नाही, पुढील संख्या 20 + 5 + 5 + 5 = 35 आहे."
  },
  {
   "question":"पुढील संख्या कोणती: 8, 12, 16, 20, ?",
   "options":["24", "28", "22", "26"],
   "answerIndex":2,
   "explanation":"फरक 4, 4, 4 आहे। पुढील फरक 4 आहे, म्हणून पुढील संख्या 20 + 4 = 24 नाही, पुढील संख्या 20 + 4 + 4 = 28 नाही, पुढील संख्या 20 + 4 + 4 + 4 = 32 नाही, पुढील संख्या 20 + 4 + 4 + 4 + 4 = 36 नाही, पुढील संख्या 20 + 4 + 4 + 4 + 4 + 4 = 40 नाही, पुढील संख्या 20 + 4 + 4 + 4 + 4 + 4 + 4 = 44 नाही, पुढील संख्या 20 + 4 + 4 + 4 + 4 + 4 + 4 + 4 = 48 नाही, पुढील संख्या 20 + 4 + 4 + 4 + 4 + 4 + 4 + 4 + 4 = 52 नाही, पुढील संख्या 20 + 4 + 4 + 4 + 4 + 4 + 4 + 4 + 4 + 4 = 56 नाही, पुढील संख्या 20 + 4 + 4 + 4 + 4 + 4 + 4 + 4 + 4 + 4 + 4 = 60 नाही, पुढील संख्या 20 + 4 + 4 + 4 + 4 + 4 + 4 + 4 + 4 + 4 + 4 + 4 = 64 नाही, पुढील संख्या 20 + 4 + 4 + 4 + 4 + 4 + 4 + 4 + 4 + 4 + 4 + 4 + 4 = 68 नाही, पुढील संख्या 20 + 4 + 4 + 4 + 4 + 4 + 4 + 4 + 4 + 4 + 4 + 4 + 4 + 4 = 72 नाही, पुढील संख्या 20 + 4 + 4 + 4 + 4 + 4 + 4 + 4 + 4 + 4 + 4 + 4 + 4 + 4 + 4 = 76 नाही, पुढील संख्या 20 + 4 + 4 + 4 + 4 + 4 + 4 + 4 + 4 + 4 + 4 + 4 + 4 + 4 + 4 + 4 = 80 नाही, पुढील संख्या 20 + 4 + 4 + 4 + 4 + 4 + 4 + 4 + 4 + 4 + 4 + 4 + 4 + 4 + 4 + 4 + 4 = 84 नाही, पुढील संख्या 20 + 4 + 4 + 4 + 4 + 4 + 4 + 4 + 4 + 4 + 4 + 4 + 4 + 4 + 4 + 4 + 4 + 4 = 88 नाही, पुढील संख्या 20 + 4 + 4 + 4 + 4 + 4 + 4 + 4 + 4 + 4 + 4 + 4 + 4 + 4 + 4 + 4 + 4 + 4 + 4 = 92 नाही, पुढील संख्या 20 + 4 + 4 + 4 + 4 + 4 + 4 + 4 + 4 + 4 + 4 + 4 + 4 + 4 + 4 + 4 + 4 + 4 + 4 + 4 = 96 नाही, पुढील संख्या 20 + 4 + 4 + 4 + 4 + 4 + 4 + 4 + 4 + 4 + 4 + 4 + 4 + 4 + 4 + 4 + 4 + 4 + 4 + 4 + 4 = 100 नाही, पुढील संख्या 20 + 4 + 4 + 4 + 4 + 4 + 4 + 4 + 4 + 4 + 4 + 4 + 4 + 4 + 4 + 4 + 4 + 4 + 4 + 4 + 4 + 4 = 104 नाही, पुढील संख्या 20 + 4 + 4 + 4 + 4 + 4 + 4 + 4 + 4 + 4 + 4 + 4 + 4 + 4 + 4 + 4 + 4 + 4 + 4 + 4 + 4 + 4 + 4 = 108 नाही, पुढील संख्या 20 + 4 + 4 + 4 + 4 + 4 + 4 + 4 + 4 + 4 + 4 + 4 + 4 + 4 + 4 + 4 + 4 + 4 + 4 + 4 + 4 + 4 + 4 + 4 = 112 नाही, पुढील संख्या 20 + 4 + 4 +