topic:number-patterns
difficulty:easy
language:Marathi
rawLength:1538

{
 "questions":[
  {
   "question":"एक श्रेणीमध्ये प्रत्येक पैल एक पूर्ण संख्या आहे आणि हर पैलापेक्षा दुसऱ्या पैलाची संख्या 2 जास्त आहे. पहिले तीन पैल 24, 28, 32 आहेत. पहिल्या पैलाची क्रमश: संख्या काय होईल?",
   "options":["18","22","26","30"],
   "answerIndex":0,
   "explanation":"श्रेणीमध्ये प्रत्येक पैलापेक्षा दुसऱ्या पैलाची संख्या 2 जास्त आहे. पहिले तीन पैल 24, 28, 32 आहेत. पहिल्या पैलाची क्रमश: संख्या 18 होईल."
  },
  {
   "question":"एक श्रेणीमध्ये प्रत्येक पैलाची संख्या पूर्वीच्या पैलाच्या संख्येपेक्षा 2 जास्त आहे. या श्रेणीमध्ये पहिले तीन पैल 10, 12, 14 आहेत. जेव्हा ही श्रेणी 24 आहे, तेव्हा पहिल्या पैलाची संख्या काय होईल?",
   "options":["16","18","20","22"],
   "answerIndex":0,
   "explanation":"श्रेणीमध्ये प्रत्येक पैलाची संख्या पूर्वीच्या पैलाच्या संख्येपेक्षा 2 जास्त आहे. पहिले तीन पैल 10, 12, 14 आहेत. जेव्हा ही श्रेणी 24 आहे, तेव्हा पहिल्या पैलाची संख्या 16 होईल."
  },
  {
   "question":"एक श्रेणीमध्ये प्रत्येक पैलाची संख्या दुसऱ्या पैलाच्या संख्येपेक्षा 4 जास्त आहे. या श्रेणीमध्ये पहिले तीन पैल 24, 32, 40 आहेत. पहिल्या पैलाची क्रमश: संख्या काय होईल जेव्हा श्रेणीमध्ये चौथा पैल 52 असेल?",
   "options":["24","28","32","36"],
   "answerIndex":0,
   "explanation":"श्रेणीमध्ये प्रत्येक पैलाची संख्या दुसऱ्या पैलाच्या संख्येपेक्षा 4 जास्त आहे. या श्रेणीमध्ये पहिले तीन पैल 24, 32, 40 आहेत. पहिल्या पैलाची क्रमश: संख्या 24 होईल जेव्हा श्रेणीमध्ये चौथा पैल 52 असेल."
  },
  {
   "question":"एक श्रेणीमध्ये प्रत्येक पैलाची संख्या पूर्वीच्या पैलाच्या संख्येपेक्षा 3 जास्त आहे. या श्रेणीमध्ये पहिले तीन पैल 18, 23, 28