topic:number-patterns
difficulty:medium
language:English
rawLength:1088

{
 "questions":[
  {
   "question":"Find the next term in the sequence: 2, 6, 12, 20",
   "options":["22","24","26","28"],
   "answerIndex":2,
   "explanation":"The pattern is adding 4, then 6, then 8, so the next difference is 10."
  },
  {
   "question":"Find the missing term in the sequence: 1, 4, 9, _, 25",
   "options":["16","20","24","25"],
   "answerIndex":2,
   "explanation":"The pattern is squaring the numbers: 1^2 = 1, 2^2 = 4, 3^2 = 9, 4^2 = 16, 5^2 = 25."
  },
  {
   "question":"Find the next term in the sequence: 3, 6, 9, 12, 15",
   "options":["18","20","22","24"],
   "answerIndex":0,
   "explanation":"The pattern is adding 3 each time."
  },
  {
   "question":"Find the missing term in the sequence: 2, 6, 12, _, 30",
   "options":["18","20","22","24"],
   "answerIndex":2,
   "explanation":"The pattern is adding 4, then 6, then 8, so the next difference is 10."
  },
  {
   "question":"Find the next term in the sequence: 1, 2, 4, 8, 16",
   "options":["32","32","32","32"],
   "answerIndex":0,
   "explanation":"The pattern is doubling the previous term."
  }
 ]