topic:number-patterns
difficulty:easy
language:Marathi
rawLength:1637

{
  "questions": [
    {
      "question": "एक व्यक्ति ने 10 रुपये के साथ एक खेल शुरू किया आणि प्रत्येक दिन त्याने 2 रुपये जोडले. किती दिवसांनी त्याचे पैसे 50 रुपये होतील?",
      "options": ["5", "7", "10", "12"],
      "answerIndex": 2,
      "explanation": "या श्रेणीमध्ये प्रत्येक दिवस 2 रुपये जोडले जातात, त्यामुळे 10 + (2 x 10) = 30 रुपये 10 दिवसांनी, 30 + (2 x 10) = 50 रुपये 20 दिवसांनी. परंतु 20 दिवसांनी 50 रुपये होतील, त्यामुळे 10 दिवसांनी 30 रुपये होतील आणि 30 + 20 = 50 रुपये होतील."
    },
    {
      "question": "एक ग्रामीण भागातील एक गावातील लोकांची संख्या प्रत्येक वर्षी 15% वाढते. जर गावात 500 लोक होते, तर 5 वर्षांनी त्यांची संख्या किती होईल?",
      "options": ["812", "825", "850", "875"],
      "answerIndex": 2,
      "explanation": "या श्रेणीमध्ये प्रत्येक वर्षी लोकसंख्या 15% वाढते. 5 वर्षांनी लोकसंख्या 500 x (1 + 0.15)^5 = 850 होईल."
    },
    {
      "question": "एक व्यक्तीने एका दिवशी 20 किलोमीटर चालले आणि पुढील दिवसांनी त्याने 10 किलोमीटर कमी चालले आणि त्याने त्याचे प्रवासाचे प्रमाण निर्धारित केले. किती दिवसांनी त्याचे प्रवासाचे प्रमाण 0 होईल?",
      "options": ["5", "7", "10", "12"],
      "answerIndex": 0,
      "explanation": "या श्रेणीमध्ये प्रत्येक दिवस प्रवासाचे प्रमाण 10 किलोमीटर कमी होते. 20 - 10 = 10, 10 - 10 = 0, 5 दिवसांनी प्रवासाचे प्रमाण 0 होईल."
    },
    {
      "question": "एक व्यक्तीने एका दिवशी 50 रुपये कमावले आणि पुढील दिवसांनी त्याने 10 रुपये कमावले. किती दिवसांनी त्याचे पैसे 500 रुपये होतील?",
      "options": ["5", "10", "15", "20"],
      "answerIndex": 1,
      "explanation": "या श्रेणीमध्ये प्रत्येक दिवस पैसे 10 रुपये कमावले जातात. 50 + (10 x 5) = 75, 75 + (10 x 5