topic:number-patterns
difficulty:easy
language:Marathi
rawLength:1567

{
  "questions": [
    {
      "question": "एक गावातील एक शाळेत, एक विद्यार्थी प्रत्येक दिवसाला स्वतःच्या पुस्तकांच्या वजनासाठी 5 रुपये देतो. त्याच्या पुस्तकांचे वजन 15, 20, 25, 30 किलो आहे. त्याने किती रुपये दिले आहेत?",
      "options": ["10", "15", "20", "25"],
      "answerIndex": 0,
      "explanation": "त्याने प्रत्येक दिवसाला 5 रुपये दिले आहेत, आणि त्याच्या पुस्तकांचे वजन 15, 20, 25, 30 किलो आहे. त्याने 4 दिवसांचा खर्च दिला आहे, म्हणून त्याने 4 x 5 = 20 रुपये दिले आहेत."
    },
    {
      "question": "एक शाळेतील एक विद्यार्थी प्रत्येक महिन्याला एका पुस्तकाचे वजन मोजतो. त्याच्या पुस्तकांचे वजन 18, 24, 30, 36 किलो आहे. त्याने किती किलो पुस्तकांचे वजन मोजले आहे?",
      "options": ["42", "48", "54", "60"],
      "answerIndex": 3,
      "explanation": "त्याने प्रत्येक महिन्याला पुस्तकांचे वजन मोजले आहे, आणि त्याच्या पुस्तकांचे वजन 18, 24, 30, 36 किलो आहे. त्याने 4 महिन्यांचे वजन मोजले आहे, म्हणून त्याने 4 x 9 = 36 किलो पुस्तकांचे वजन मोजले आहे."
    },
    {
      "question": "एक गावातील एक शाळेतील एक विद्यार्थी प्रत्येक दिवसाला एका पुस्तकाचे वजन मोजतो. त्याच्या पुस्तकांचे वजन 12, 18, 24, 30 किलो आहे. त्याने किती दिवसांचे वजन मोजले आहे?",
      "options": ["4", "6", "8", "10"],
      "answerIndex": 1,
      "explanation": "त्याने प्रत्येक दिवसाला पुस्तकांचे वजन मोजले आहे, आणि त्याच्या पुस्तकांचे वजन 12, 18, 24, 30 किलो आहे. त्याने 4 दिवसांचे वजन मोजले आहे, म्हणून त्याने 4 दिवसांचे वजन मोजले आहे."
    },
    {
      "question": "एक शाळेतील एक विद्यार्थी प्रत्येक महिन्याला एका पुस्तकाचे वजन मोजतो. त्याच्या पुस्तकांचे वजन 15, 22, 29, 36 किल