topic:number-patterns
difficulty:easy
language:Marathi
rawLength:805

{
 "questions":[
  {
   "question":"एक शाळेतील विद्यार्थ्यांच्या वर्गातील संख्या हळू हळू वाढत आहे. पहिल्या वर्गात 15 विद्यार्थी होते, दुसऱ्या वर्गात 18 विद्यार्थी होते, तिसऱ्या वर्गात 21 विद्यार्थी होते आणि चौथ्या वर्गात 24 विद्यार्थी होते. पाचव्या वर्गात किती विद्यार्थी होते?",
   "options":["15","18","21","24"],
   "answerIndex":3,
   "explanation":"प्रत्येक वर्गात 3 विद्यार्थी जास्त आहेत."
  },
  {
   "question":"एका गावातील लोकसंख्या हळू हळू वाढत आहे. 1990 मध्ये गावात 500 लोक होते, 1995 मध्ये 550 लोक होते, 2000 मध्ये 600 लोक होते आणि 2005 मध्ये 650 लोक होते. 2010 मध्ये गावात किती लोक होते?",
   "options":["700","750","800","850"],
   "answerIndex":0,
   "explanation":"प्रत्येक 5 वर्षांनी लोकसंख्या 50 जास्त आहे."
  },
  {
   "question":"एका कंपनीच्या उत्पादनाची मागणी हळू हळू वाढत आहे. पहिल्य