topic:number-patterns
difficulty:medium
language:Marathi
rawLength:1517

{
  "questions": [
    {
      "question": "एक शाळेतील विद्यार्थ्यांनी एका दिवशी एकत्रितपणे 240 पाने वाचली. दुसऱ्या दिवशी त्यांनी 120 पाने वाचली. तिसऱ्या दिवशी त्यांनी 180 पाने वाचले. चौथ्या दिवशी त्यांनी किती पाने वाचली?",
      "options": ["60", "80", "100", "120"],
      "answerIndex": 0,
      "explanation": "चौथ्या दिवशी त्यांनी 60 पाने वाचली कारण पहिल्या दिवशी त्यांनी 240 पाने वाचली आणि दुसऱ्या दिवशी त्यांनी 120 पाने वाचली, त्यामुळे तिसऱ्या दिवशी त्यांनी 180 पाने वाचली आणि चौथ्या दिवशी त्यांनी 60 पाने वाचली."
    },
    {
      "question": "एका गावातील लोकांची संख्या 2010 मध्ये 1200 होती. 2015 मध्ये ती 1500 होती. 2020 मध्ये ती किती होती?",
      "options": ["1000", "1200", "1500", "1800"],
      "answerIndex": 2,
      "explanation": "2020 मध्ये गावातील लोकसंख्या 1500 होती कारण 2010 मध्ये ती 1200 होती आणि 2015 मध्ये ती 1500 होती, त्यामुळे 2020 मध्ये ती 1500 होती."
    },
    {
      "question": "एका शाळेतील विद्यार्थ्यांनी एका दिवशी एकत्रितपणे 240 पाने वाचली. दुसऱ्या दिवशी त्यांनी 120 पाने वाचली. तिसऱ्या दिवशी त्यांनी 180 पाने वाचली. चौथ्या दिवशी त्यांनी किती पाने वाचली?",
      "options": ["60", "80", "100", "120"],
      "answerIndex": 0,
      "explanation": "चौथ्या दिवशी त्यांनी 60 पाने वाचली कारण पहिल्या दिवशी त्यांनी 240 पाने वाचली आणि दुसऱ्या दिवशी त्यांनी 120 पाने वाचली, त्यामुळे तिसऱ्या दिवशी त्यांनी 180 पाने वाचली आणि चौथ्या दिवशी त्यांनी 60 पाने वाचली."
    },
    {
      "question": "एका गावातील लोकांची संख्या 2010 मध्ये 1200 होती. 2015 मध्ये ती 1500 होती. 2020 मध्ये ती किती