topic:number-patterns
difficulty:easy
language:Marathi
rawLength:808

{
 "questions":[
  {
   "question":"एक व्यक्ति ने 15 दिनों में 15 पैसे की बचत की, 30 दिनों में कितने पैसे की बचत करेगा?",
   "options":["30","45","60","75"],
   "answerIndex":2,
   "explanation":"यदि 15 दिनों में 15 पैसे की बचत की जाती है, तो 30 दिनों में 60 पैसे की बचत की जाएगी क्योंकि 30 दिन 15 दिन के दोगुने होते हैं और 15 पैसे का दोगुना 30 पैसे होता है।"
  },
  {
   "question":"एक गेंद को 5 मिनट में 5 मीटर की दूरी पर फेंका जाता है, 10 मिनट में कितनी दूरी पर फेंका जाएगा?",
   "options":["10","15","20","25"],
   "answerIndex":1,
   "explanation":"यदि गेंद को 5 मिनट में 5 मीटर की दूरी पर फेंका जाता है, तो 10 मिनट में 15 मीटर की दूरी पर फेंका जाएगा क्योंकि 10 मिनट 5 मिनट के दोगुने होते हैं और 5 मीटर का दोगुना 10 मीटर होता है।"
  },
  {
   "question":"एक व्यक्ति ने 5 घंटे में 5 किलोमीटर की दूरी तय क