topic:number-patterns
difficulty:easy
language:Hindi
rawLength:1647

{
  "questions": [
    {
      "question": "एक संख्या के 25% को 15 से जोड़कर 12 से गुणा करें: ",
      "options": ["375", "400", "425", "450"],
      "answerIndex": 2,
      "explanation": "संख्या के 25% को 15 से जोड़ने के बाद, हमें 25/100 * x + 15 मिलता है। इसे 12 से गुणा करने पर, हमें 12 * (25/100 * x + 15) मिलता है, जो 3x + 180 के बराबर है। x का मान 300 है, इसलिए 3x + 180 = 3*300 + 180 = 900 + 180 = 1080 है।"
    },
    {
      "question": "यदि एक कार 120 किमी/घंटा की गति से 15 मिनट में 9 किमी की दूरी तय करती है, तो वह 1 घंटे में कितनी दूरी तय करेगी?",
      "options": ["45 किमी", "50 किमी", "60 किमी", "72 किमी"],
      "answerIndex": 2,
      "explanation": "कार 120 किमी/घंटा की गति से 15 मिनट में 9 किमी की दूरी तय करती है। 1 घंटे में कार की गति 120 किमी/घंटा है, इसलिए 1 घंटे में कार 120 किमी की दूरी तय करेगी।"
    },
    {
      "question": "एक संख्या के 1/5 को 8 से घटाकर 12 से विभाजित करें: ",
      "options": ["4", "6", "8", "10"],
      "answerIndex": 0,
      "explanation": "संख्या के 1/5 को 8 से घटाने के बाद, हमें 1/5 * x - 8 मिलता है। इसे 12 से विभाजित करने पर, हमें (1/5 * x - 8) / 12 मिलता है, जो x/60 - 2/3 के बराबर है। x का मान 60 है, इसलिए x/60 - 2/3 = 1 - 2/3 = 1/3 है।"
    },
    {
      "question": "यदि एक बोतल में 250 मिलीलीटर पानी है, तो उसे 2 भागों में विभाजित करने के बाद, प्रत्येक भाग में कितना पानी होगा?",
      "options": ["100 मिलीलीटर", "125 मिलीलीटर", "150 मिलीलीटर", "175 मिलीलीटर"],
      "answerIndex": 1,
      "explanation": "बोतल में 250 मिलीलीटर पानी है, जिसे 2 भागों में विभाजित किया जाता है। इसलिए, प्रत्येक भाग में 250/2 = 125 मिलीलीटर पानी होगा।"
    },
    {
      "question": "एक संख्या