topic:work-time
difficulty:easy
language:English
rawLength:3010

{
  "questions": [
    {
      "question": "A worker completes 1/4 of a job in 2 hours. How many hours will it take to complete the entire job?",
      "options": ["8", "10", "12", "16"],
      "answerIndex": 0,
      "explanation": "Since the worker completes 1/4 of the job in 2 hours, we can find the time it takes to complete the entire job by multiplying the time it takes to complete 1/4 of the job by 4. This is because if 1/4 of the job takes 2 hours, then the whole job will take 4 times as long, which is 8 hours."
    },
    {
      "question": "A group of workers can complete a job in 6 hours. If 2 workers leave the job, how many hours will it take to complete the job?",
      "options": ["12", "15", "18", "20"],
      "answerIndex": 2,
      "explanation": "When 2 workers leave the job, the remaining workers will have to do the same amount of work, but in a shorter amount of time. Since the remaining workers are doing the same amount of work, but in a shorter amount of time, the time it takes to complete the job will increase. To find the new time, we can divide the original time by the number of workers remaining. In this case, the original time is 6 hours and the number of workers remaining is 4, so the new time is 6/4 = 1.5 times the original time, which is 9 hours, but since the question asks how many hours it will take to complete the job, and the remaining workers will have to work 1.5 times as fast, the time will be 18 hours."
    },
    {
      "question": "A worker can complete a job in 8 hours. If the worker works for 2 hours and then takes a break, how many hours will it take to complete the remaining 3/4 of the job?",
      "options": ["4", "6", "8", "10"],
      "answerIndex": 1,
      "explanation": "Since the worker can complete the entire job in 8 hours, we can find the time it takes to complete 3/4 of the job by multiplying the time it takes to complete the whole job by 3/4. This is because if the whole job takes 8 hours, then 3/4 of the job will take 3/4 times as long, which is 6 hours. However, the worker has already worked for 2 hours, so we need to subtract that from the total time to find the remaining time. The remaining time is 6 - 2 = 4 hours."
    },
    {
      "question": "A group of workers can complete a job in 4 hours. If 1/2 of the workers leave the job, how many hours will it take to complete the job?",
      "options": ["6", "8", "10", "12"],
      "answerIndex": 2,
      "explanation": "When 1/2 of the workers leave the job, the remaining workers will have to do the same amount of work, but in a shorter amount of time. Since the remaining workers are doing the same amount of work, but in a shorter amount of time, the time it takes to complete the job will increase. To find the new time, we can divide the original time by the number of workers remaining. In this case, the original time is 4 hours and the number of workers remaining is 1/2 of the original number, so the new time is 4 / (1/2) = 8 hours."
    },
    {
