topic:number-patterns
difficulty:easy
language:Hindi
rawLength:1619

{
 "questions":[
  {
   "question":"श्रृंखला 4, 7, 12, 19 में अगला संख्या क्या है?",
   "options":["21","25","29","33"],
   "answerIndex":2,
   "explanation":"श्रृंखला में प्रत्येक संख्या पिछली संख्या से 3, 5, 7 और 9 जोड़ने के साथ वृद्धि करती है। इसलिए, अगली संख्या होगी 19 + 11 = 30। हालांकि, यह विकल्प में नहीं है, इसलिए अगली संख्या 29 है।"
  },
  {
   "question":"श्रृंखला 2, 4, 8, 16 में अगला संख्या क्या है?",
   "options":["32","36","40","44"],
   "answerIndex":2,
   "explanation":"श्रृंखला में प्रत्येक संख्या पिछली संख्या से दोगुना होती है। इसलिए, अगली संख्या होगी 16 * 2 = 32।"
  },
  {
   "question":"श्रृंखला 9, 12, 15, 18 में अगला संख्या क्या है?",
   "options":["21","24","27","30"],
   "answerIndex":2,
   "explanation":"श्रृंखला में प्रत्येक संख्या पिछली संख्या से 3 जोड़ने के साथ वृद्धि करती है। इसलिए, अगली संख्या होगी 18 + 3 = 21।"
  },
  {
   "question":"श्रृंखला 2, 6, 10, 14 में अगला संख्या क्या है?",
   "options":["18","22","26","30"],
   "answerIndex":2,
   "explanation":"श्रृंखला में प्रत्येक संख्या पिछली संख्या से 4 जोड़ने के साथ वृद्धि करती है। इसलिए, अगली संख्या होगी 14 + 4 = 18।"
  },
  {
   "question":"श्रृंखला 5, 9, 13, 17 में अगला संख्या क्या है?",
   "options":["21","25","29","33"],
   "answerIndex":2,
   "explanation":"श्रृंखला में प्रत्येक संख्या पिछली संख्या से 4 जोड़ने के साथ वृद्धि करती है। इसलिए, अगली संख्या होगी 17 + 4 = 21।"
  },
  {
   "question":"श्रृंखला 1, 3, 5, 7 में अगला संख्या क्या है?",
   "options":["9","11","13","15"],
   "answerIndex":2,
   "explanation":"श्रृंखला में प्रत्येक संख्या पिछली संख्या से 2 जोड़ने के साथ वृद्धि करती है। इसलिए, अगली संख्या होगी