topic:number-patterns
difficulty:easy
language:Marathi
rawLength:887

{
 "questions":[
  {
   "question":"एक व्यक्ति ने 15 मिनट में 12 किलोमीटर की दूरी तय की है। वह कितनी देर में 36 किलोमीटर की दूरी तय करेगा?",
   "options":["30 मिनट","45 मिनट","60 मिनट","90 मिनट"],
   "answerIndex":2,
   "explanation":"यदि 12 किलोमीटर 15 मिनट में तय होते हैं, तो 1 किलोमीटर 15/12 मिनट में तय होता है। 36 किलोमीटर 36*(15/12) = 45 मिनट में तय होंगे।"
  },
  {
   "question":"एक पुस्तकालय में 15 पुस्तकें 5 शेल्फ पर रखी गई हैं। प्रत्येक शेल्फ पर कितनी पुस्तकें रखी गई हैं?",
   "options":["2 पुस्तकें","3 पुस्तकें","4 पुस्तकें","5 पुस्तकें"],
   "answerIndex":3,
   "explanation":"यदि 15 पुस्तकें 5 शेल्फ पर रखी गई हैं, तो प्रत्येक शेल्फ पर 15/5 = 3 पुस्तकें रखी गई हैं।"
  },
  {
   "question":"एक व्यक्ति ने 20 दिनों में 240 किलोमीटर की दूरी तय की है। वह कितनी देर में 480 किलोमीटर की दूरी तय करेगा?",
   "options":["30 दिन","40 दिन","50 दिन","60 दिन"],
   "answerIndex":3