topic:number-patterns
difficulty:easy
language:Marathi
rawLength:1511

{
 "questions":[
  {
   "question":"एक श्रेणीमध्ये प्रत्येक पैलाची संख्या दुसऱ्या पैलाच्या संख्येपेक्षा 2 जास्त आहे. पहिले तीन पैल 10, 12, 14 आहेत. जेव्हा ही श्रेणी 24 आहे, तेव्हा पहिल्या पैलाची संख्या काय होईल?",
   "options":["8","6","10","12"],
   "answerIndex":0,
   "explanation":"पहिल्या पैलाची संख्या 8 आहे कारण श्रेणीमध्ये प्रत्येक पैलाची संख्या दुसऱ्या पैलाच्या संख्येपेक्षा 2 जास्त आहे. पहिले तीन पैल 10, 12, 14 आहेत, म्हणून पहिल्या पैलाची संख्या 10 - 2 = 8 आहे."
  },
  {
   "question":"एका श्रेणीमध्ये प्रत्येक पैलाची संख्या दुसऱ्या पैलाच्या संख्येपेक्षा 2 जास्त आहे. या श्रेणीमध्ये पहिले तीन पैल 10, 12, 14 आहेत. जेव्हा ही श्रेणी 24 आहे, तेव्हा पहिल्या पैलाची संख्या काय होईल?",
   "options":["8","6","10","12"],
   "answerIndex":0,
   "explanation":"पहिल्या पैलाची संख्या 8 आहे कारण श्रेणीमध्ये प्रत्येक पैलाची संख्या दुसऱ्या पैलाच्या संख्येपेक्षा 2 जास्त आहे. पहिले तीन पैल 10, 12, 14 आहेत, म्हणून पहिल्या पैलाची संख्या 10 - 2 = 8 आहे."
  },
  {
   "question":"एक श्रेणीमध्ये प्रत्येक पैलाची संख्या दुसऱ्या पैलाच्या संख्येपेक्षा 2 जास्त आहे. या श्रेणीमध्ये पहिले तीन पैल 10, 12, 14 आहेत. पहिल्या पैलाची क्रमश: संख्या काय होईल जेव्हा तिसऱ्या पैलाची क्रमश: संख्या 28 असेल?",
   "options":["8","6","10","12"],
   "answerIndex":0,
   "explanation":"पहिल्या पैलाची क्रमश: संख्या 8 आहे कारण श्रेणीमध्ये प्रत्येक पैलाची संख्या दुसऱ्या पैलाच्या संख्येपेक्षा 2 जास्त आहे. पहिले तीन पैल 10, 12, 14 आहेत, म्हणून पहिल्या पैलाची संख्या 10 - 2 = 8 आहे."
  },
  {
   "question":"एक श्रेणीमध्ये प्रत्येक पैलाची स