topic:number-patterns
difficulty:easy
language:Marathi
rawLength:845

{
 "questions":[
  {
   "question":"एक व्यक्ति ने 15 मिनट में 3 किलोमीटर की दूरी तय की है। वह कितनी देर में 9 किलोमीटर की दूरी तय करेगा?",
   "options":["30 मिनट","45 मिनट","60 मिनट","90 मिनट"],
   "answerIndex":2,
   "explanation":"यदि 15 मिनट में 3 किलोमीटर की दूरी तय हुई है, तो 1 मिनट में 3/15 किलोमीटर की दूरी तय होगी। 9 किलोमीटर की दूरी तय करने के लिए, 9/(3/15) = 45 मिनट लगेंगे।"
  },
  {
   "question":"एक बोतल में 12 पानी के गिलास हैं। यदि प्रत्येक गिलास में 250 मिलीलीटर पानी है, तो बोतल का कुल क्षमता कितना होगी?",
   "options":["2000 मिलीलीटर","2500 मिलीलीटर","3000 मिलीलीटर","3500 मिलीलीटर"],
   "answerIndex":3,
   "explanation":"यदि प्रत्येक गिलास में 250 मिलीलीटर पानी है, तो 12 गिलास में 12*250 = 3000 मिलीलीटर पानी होगा।"
  },
  {
   "question":"एक संख्या का वर्ग 144 है। यदि हम इसे 4 से गुणा करते हैं, तो परिणामी संख्या क्या ह