topic:number-patterns
difficulty:easy
language:Marathi
rawLength:845

{
 "questions":[
  {
   "question":"एक व्यक्ति ने 100 रुपये से शुरू करके प्रत्येक दिन अपनी आय 10% बढ़ाया। दूसरी दिन की आय क्या होगी?",
   "options":["110","120","130","140"],
   "answerIndex":1,
   "explanation":"100 रुपये की आय 10% बढ़ाने से 10 रुपये की वृद्धि होती है, जिससे दूसरे दिन की आय 110 रुपये होती है।"
  },
  {
   "question":"एक संख्या श्रृंखला है: 3, 6, 12, 24, ...। क्या यह श्रृंखला में अगली संख्या होगी?",
   "options":["48","50","60","72"],
   "answerIndex":3,
   "explanation":"श्रृंखला में प्रत्येक संख्या पिछली संख्या के दोगुने के बराबर होती है, इसलिए अगली संख्या 24 के दोगुने के बराबर होगी, जो 48 है।"
  },
  {
   "question":"एक गेंद को 5 में बांटा गया है और प्रत्येक बेटे को एक-एक गेंद दी गई है। यदि प्रत्येक बेटे ने अपनी गेंद को 2 में बांटा, तो कुल कितनी गेंदें होंगी?",
   "options":["10","12","15","20"],
   "answerIndex":